[0.732s] Invoking command in '/home/thejaskm/robotic_description': PYTHONPATH=/home/thejaskm/robotic_description/build/robotic_description/prefix_override:/usr/lib/python3/dist-packages/colcon_core/task/python/colcon_distutils_commands:/home/thejaskm/robotic_description/install/robotic_description/lib/python3.10/site-packages:${PYTHONPATH} /usr/bin/python3 -W ignore:setup.py install is deprecated -W ignore:easy_install command is deprecated setup.py egg_info --egg-base build/robotic_description build --build-base /home/thejaskm/robotic_description/build/robotic_description/build install --record /home/thejaskm/robotic_description/build/robotic_description/install.log --single-version-externally-managed install_data
[0.933s] running egg_info
[0.935s] creating build/robotic_description/robotic_description.egg-info
[0.936s] writing build/robotic_description/robotic_description.egg-info/PKG-INFO
[0.936s] writing dependency_links to build/robotic_description/robotic_description.egg-info/dependency_links.txt
[0.938s] writing entry points to build/robotic_description/robotic_description.egg-info/entry_points.txt
[0.938s] writing requirements to build/robotic_description/robotic_description.egg-info/requires.txt
[0.939s] writing top-level names to build/robotic_description/robotic_description.egg-info/top_level.txt
[0.939s] writing manifest file 'build/robotic_description/robotic_description.egg-info/SOURCES.txt'
[0.939s] reading manifest file 'build/robotic_description/robotic_description.egg-info/SOURCES.txt'
[0.939s] writing manifest file 'build/robotic_description/robotic_description.egg-info/SOURCES.txt'
[0.939s] running build
[0.939s] running build_py
[0.939s] creating /home/thejaskm/robotic_description/build/robotic_description/build
[0.941s] creating /home/thejaskm/robotic_description/build/robotic_description/build/lib
[0.941s] creating /home/thejaskm/robotic_description/build/robotic_description/build/lib/robotic_description
[0.941s] copying robotic_description/__init__.py -> /home/thejaskm/robotic_description/build/robotic_description/build/lib/robotic_description
[0.941s] running install
[0.941s] running install_lib
[0.942s] creating /home/thejaskm/robotic_description/install/robotic_description/lib/python3.10/site-packages/robotic_description
[0.942s] copying /home/thejaskm/robotic_description/build/robotic_description/build/lib/robotic_description/__init__.py -> /home/thejaskm/robotic_description/install/robotic_description/lib/python3.10/site-packages/robotic_description
[0.943s] byte-compiling /home/thejaskm/robotic_description/install/robotic_description/lib/python3.10/site-packages/robotic_description/__init__.py to __init__.cpython-310.pyc
[0.943s] running install_data
[0.943s] creating /home/thejaskm/robotic_description/install/robotic_description/share/ament_index
[0.943s] creating /home/thejaskm/robotic_description/install/robotic_description/share/ament_index/resource_index
[0.943s] creating /home/thejaskm/robotic_description/install/robotic_description/share/ament_index/resource_index/packages
[0.943s] copying resource/robotic_description -> /home/thejaskm/robotic_description/install/robotic_description/share/ament_index/resource_index/packages
[0.943s] copying package.xml -> /home/thejaskm/robotic_description/install/robotic_description/share/robotic_description
[0.943s] creating /home/thejaskm/robotic_description/install/robotic_description/share/robotic_description/launch
[0.944s] copying launch/display.launch.py -> /home/thejaskm/robotic_description/install/robotic_description/share/robotic_description/launch
[0.944s] copying launch/gazebo.launch.py -> /home/thejaskm/robotic_description/install/robotic_description/share/robotic_description/launch
[0.944s] creating /home/thejaskm/robotic_description/install/robotic_description/share/robotic_description/urdf
[0.945s] copying urdf/Robotic.gazebo -> /home/thejaskm/robotic_description/install/robotic_description/share/robotic_description/urdf
[0.945s] copying urdf/Robotic.xacro -> /home/thejaskm/robotic_description/install/robotic_description/share/robotic_description/urdf
[0.945s] copying urdf/Robotic.ros2control -> /home/thejaskm/robotic_description/install/robotic_description/share/robotic_description/urdf
[0.945s] copying urdf/materials.xacro -> /home/thejaskm/robotic_description/install/robotic_description/share/robotic_description/urdf
[0.945s] creating /home/thejaskm/robotic_description/install/robotic_description/share/robotic_description/meshes
[0.945s] copying meshes/Waist_1.stl -> /home/thejaskm/robotic_description/install/robotic_description/share/robotic_description/meshes
[0.945s] copying meshes/base_link.stl -> /home/thejaskm/robotic_description/install/robotic_description/share/robotic_description/meshes
[0.946s] copying meshes/Arm_02_1.stl -> /home/thejaskm/robotic_description/install/robotic_description/share/robotic_description/meshes
[0.946s] copying meshes/Arm_03_1.stl -> /home/thejaskm/robotic_description/install/robotic_description/share/robotic_description/meshes
[0.946s] copying meshes/Arm_01_1.stl -> /home/thejaskm/robotic_description/install/robotic_description/share/robotic_description/meshes
[0.946s] creating /home/thejaskm/robotic_description/install/robotic_description/share/robotic_description/config
[0.946s] copying config/ros_gz_bridge_gazebo.yaml -> /home/thejaskm/robotic_description/install/robotic_description/share/robotic_description/config
[0.946s] copying config/display.rviz -> /home/thejaskm/robotic_description/install/robotic_description/share/robotic_description/config
[0.946s] copying config/gazebo.rviz -> /home/thejaskm/robotic_description/install/robotic_description/share/robotic_description/config
[0.947s] running install_egg_info
[0.948s] Copying build/robotic_description/robotic_description.egg-info to /home/thejaskm/robotic_description/install/robotic_description/lib/python3.10/site-packages/robotic_description-0.0.0-py3.10.egg-info
[0.953s] running install_scripts
[0.962s] writing list of installed files to '/home/thejaskm/robotic_description/build/robotic_description/install.log'
[0.993s] Invoked command in '/home/thejaskm/robotic_description' returned '0': PYTHONPATH=/home/thejaskm/robotic_description/build/robotic_description/prefix_override:/usr/lib/python3/dist-packages/colcon_core/task/python/colcon_distutils_commands:/home/thejaskm/robotic_description/install/robotic_description/lib/python3.10/site-packages:${PYTHONPATH} /usr/bin/python3 -W ignore:setup.py install is deprecated -W ignore:easy_install command is deprecated setup.py egg_info --egg-base build/robotic_description build --build-base /home/thejaskm/robotic_description/build/robotic_description/build install --record /home/thejaskm/robotic_description/build/robotic_description/install.log --single-version-externally-managed install_data
