/home/thejaskm/robotic_description/install/robotic_description/lib/python3.10/site-packages/robotic_description/__init__.py
/home/thejaskm/robotic_description/install/robotic_description/lib/python3.10/site-packages/robotic_description/__pycache__/__init__.cpython-310.pyc
/home/thejaskm/robotic_description/install/robotic_description/share/ament_index/resource_index/packages/robotic_description
/home/thejaskm/robotic_description/install/robotic_description/share/robotic_description/package.xml
/home/thejaskm/robotic_description/install/robotic_description/share/robotic_description/launch/display.launch.py
/home/thejaskm/robotic_description/install/robotic_description/share/robotic_description/launch/gazebo.launch.py
/home/thejaskm/robotic_description/install/robotic_description/share/robotic_description/urdf/Robotic.gazebo
/home/thejaskm/robotic_description/install/robotic_description/share/robotic_description/urdf/Robotic.xacro
/home/thejaskm/robotic_description/install/robotic_description/share/robotic_description/urdf/Robotic.ros2control
/home/thejaskm/robotic_description/install/robotic_description/share/robotic_description/urdf/materials.xacro
/home/thejaskm/robotic_description/install/robotic_description/share/robotic_description/meshes/Waist_1.stl
/home/thejaskm/robotic_description/install/robotic_description/share/robotic_description/meshes/base_link.stl
/home/thejaskm/robotic_description/install/robotic_description/share/robotic_description/meshes/Arm_02_1.stl
/home/thejaskm/robotic_description/install/robotic_description/share/robotic_description/meshes/Arm_03_1.stl
/home/thejaskm/robotic_description/install/robotic_description/share/robotic_description/meshes/Arm_01_1.stl
/home/thejaskm/robotic_description/install/robotic_description/share/robotic_description/config/ros_gz_bridge_gazebo.yaml
/home/thejaskm/robotic_description/install/robotic_description/share/robotic_description/config/display.rviz
/home/thejaskm/robotic_description/install/robotic_description/share/robotic_description/config/gazebo.rviz
/home/thejaskm/robotic_description/install/robotic_description/lib/python3.10/site-packages/robotic_description-0.0.0-py3.10.egg-info/dependency_links.txt
/home/thejaskm/robotic_description/install/robotic_description/lib/python3.10/site-packages/robotic_description-0.0.0-py3.10.egg-info/top_level.txt
/home/thejaskm/robotic_description/install/robotic_description/lib/python3.10/site-packages/robotic_description-0.0.0-py3.10.egg-info/zip-safe
/home/thejaskm/robotic_description/install/robotic_description/lib/python3.10/site-packages/robotic_description-0.0.0-py3.10.egg-info/PKG-INFO
/home/thejaskm/robotic_description/install/robotic_description/lib/python3.10/site-packages/robotic_description-0.0.0-py3.10.egg-info/requires.txt
/home/thejaskm/robotic_description/install/robotic_description/lib/python3.10/site-packages/robotic_description-0.0.0-py3.10.egg-info/entry_points.txt
/home/thejaskm/robotic_description/install/robotic_description/lib/python3.10/site-packages/robotic_description-0.0.0-py3.10.egg-info/SOURCES.txt
